[2026-08-21T14:07:19.385Z] No plate localized by python service.
[2026-08-21T14:07:23.182Z] No plate localized by python service.
[2026-08-21T14:07:25.170Z] No plate localized by python service.
[2026-08-21T14:07:27.166Z] No plate localized by python service.
[2026-08-21T14:07:29.204Z] No plate localized by python service.
[2026-08-21T14:07:31.176Z] No plate localized by python service.
[2026-08-21T14:07:33.159Z] No plate localized by python service.
[2026-08-21T14:07:35.169Z] No plate localized by python service.
[2026-08-21T14:07:45.077Z] No plate localized by python service.
[2026-08-21T14:07:47.137Z] No plate localized by python service.
[2026-08-21T14:07:49.163Z] No plate localized by python service.
[2026-08-21T14:07:51.127Z] No plate localized by python service.
[2026-08-21T14:07:53.170Z] No plate localized by python service.
[2026-08-21T14:07:55.169Z] No plate localized by python service.
[2026-08-21T14:07:57.160Z] No plate localized by python service.
[2026-08-21T14:14:19.117Z] No plate localized by python service.
[2026-08-21T14:14:21.106Z] No plate localized by python service.
[2026-08-21T14:14:23.115Z] No plate localized by python service.
[2026-08-21T14:14:25.108Z] No plate localized by python service.
[2026-08-21T14:14:27.144Z] No plate localized by python service.
[2026-08-21T14:14:29.112Z] No plate localized by python service.
[2026-08-21T14:18:50.574Z] No plate localized by python service.
[2026-08-21T14:19:02.544Z] No plate localized by python service.
[2026-08-21T14:19:05.667Z] OCR Read: -, Conf: 0
[2026-08-21T14:19:05.668Z] Dropped due to low confidence.
[2026-08-21T14:19:06.543Z] No plate localized by python service.
[2026-08-21T14:19:10.839Z] OCR Read: -, Conf: 14
[2026-08-21T14:19:10.840Z] Dropped due to low confidence.
[2026-08-21T14:19:12.535Z] No plate localized by python service.
[2026-08-21T14:19:14.520Z] No plate localized by python service.
[2026-08-21T14:19:16.528Z] No plate localized by python service.
[2026-08-21T14:19:18.518Z] No plate localized by python service.
[2026-08-21T14:19:20.495Z] No plate localized by python service.
[2026-08-21T14:20:04.548Z] No plate localized by python service.
[2026-08-21T14:20:16.533Z] No plate localized by python service.
[2026-08-21T14:21:26.557Z] No plate localized by python service.
[2026-08-21T14:21:30.544Z] No plate localized by python service.
[2026-08-21T14:22:12.719Z] No plate localized by python service.
[2026-08-21T14:23:24.519Z] No plate localized by python service.
[2026-08-21T14:23:28.521Z] No plate localized by python service.
[2026-08-21T14:23:31.018Z] OCR Read: Ps, Conf: 33
[2026-08-21T14:23:31.019Z] Dropped due to low confidence.
[2026-08-21T14:23:32.522Z] No plate localized by python service.
[2026-08-21T14:23:34.951Z] OCR Read: a, Conf: 52
[2026-08-21T14:23:34.951Z] Dropped due to low confidence.
[2026-08-21T14:23:36.546Z] No plate localized by python service.
[2026-08-21T14:23:38.549Z] No plate localized by python service.
[2026-08-21T14:23:41.194Z] OCR Read: , Conf: 0
[2026-08-21T14:23:41.195Z] Dropped due to low confidence.
[2026-08-21T14:23:42.533Z] No plate localized by python service.
[2026-08-21T14:23:44.546Z] No plate localized by python service.
[2026-08-21T14:23:46.530Z] No plate localized by python service.
[2026-08-21T14:23:48.536Z] No plate localized by python service.
[2026-08-21T14:23:56.541Z] No plate localized by python service.
[2026-08-21T14:23:58.493Z] No plate localized by python service.
[2026-08-21T14:24:00.519Z] No plate localized by python service.
[2026-08-21T14:24:02.499Z] No plate localized by python service.
[2026-08-21T14:24:04.490Z] No plate localized by python service.
[2026-08-21T14:24:06.493Z] No plate localized by python service.
[2026-08-21T14:24:08.500Z] No plate localized by python service.
[2026-08-21T14:24:10.903Z] OCR Read: — 3, Conf: 32
[2026-08-21T14:24:10.904Z] Dropped due to low confidence.
[2026-08-21T14:24:12.974Z] OCR Read: p32, Conf: 29
[2026-08-21T14:24:12.975Z] Dropped due to low confidence.
[2026-08-21T14:24:15.598Z] No plate localized by python service.
[2026-08-21T14:24:17.584Z] No plate localized by python service.
[2026-08-21T14:24:19.592Z] No plate localized by python service.
[2026-08-21T14:24:21.584Z] No plate localized by python service.
[2026-08-21T14:24:23.571Z] No plate localized by python service.
[2026-08-21T14:24:26.064Z] OCR Read: 4, Conf: 0
[2026-08-21T14:24:26.065Z] Dropped due to low confidence.
[2026-08-21T14:24:27.559Z] No plate localized by python service.
[2026-08-21T14:24:29.579Z] No plate localized by python service.
[2026-08-21T14:24:31.973Z] OCR Read: — —4, Conf: 34
[2026-08-21T14:24:31.974Z] Dropped due to low confidence.
[2026-08-21T14:24:34.028Z] OCR Read: , Conf: 0
[2026-08-21T14:24:34.029Z] Dropped due to low confidence.
[2026-08-21T14:24:35.563Z] No plate localized by python service.
[2026-08-21T14:24:37.598Z] No plate localized by python service.
[2026-08-21T14:24:39.583Z] No plate localized by python service.
[2026-08-21T14:24:42.085Z] OCR Read: A, Conf: 51
[2026-08-21T14:24:42.086Z] Dropped due to low confidence.
[2026-08-21T14:24:44.033Z] OCR Read: =,, Conf: 12
[2026-08-21T14:24:44.034Z] Dropped due to low confidence.
[2026-08-21T14:24:46.085Z] OCR Read: 2, Conf: 56
[2026-08-21T14:24:46.086Z] Dropped due to low confidence.
[2026-08-21T14:24:47.577Z] No plate localized by python service.
[2026-08-21T14:24:50.050Z] OCR Read: —, Conf: 39
[2026-08-21T14:24:50.050Z] Dropped due to low confidence.
[2026-08-21T14:24:52.052Z] OCR Read: —, Conf: 78
[2026-08-21T14:24:54.089Z] OCR Read: —, Conf: 71
[2026-08-21T14:24:56.178Z] OCR Read: —, Conf: 37
[2026-08-21T14:24:56.178Z] Dropped due to low confidence.
[2026-08-21T14:24:58.080Z] OCR Read: -,, Conf: 41
[2026-08-21T14:24:58.081Z] Dropped due to low confidence.
[2026-08-21T14:25:00.064Z] OCR Read: ==,, Conf: 52
[2026-08-21T14:25:00.065Z] Dropped due to low confidence.
[2026-08-21T14:25:02.118Z] OCR Read: -=,, Conf: 47
[2026-08-21T14:25:02.119Z] Dropped due to low confidence.
[2026-08-21T14:25:06.127Z] OCR Read: —, Conf: 63
[2026-08-21T14:25:07.454Z] Rejected: Not registered and failed strict regex ()
[2026-08-21T14:25:07.457Z] Rejected: Not registered and failed strict regex ()
[2026-08-21T14:25:07.596Z] No plate localized by python service.
[2026-08-21T14:25:10.049Z] OCR Read: —, Conf: 70
[2026-08-21T14:25:10.451Z] Rejected: Not registered and failed strict regex ()
[2026-08-21T14:25:10.561Z] Rejected: Not registered and failed strict regex ()
[2026-08-21T14:25:12.034Z] OCR Read: —, Conf: 63
[2026-08-21T14:25:12.203Z] Rejected: Not registered and failed strict regex ()
[2026-08-21T14:25:13.581Z] No plate localized by python service.
[2026-08-21T14:25:16.058Z] OCR Read: 3, Conf: 40
[2026-08-21T14:25:16.059Z] Dropped due to low confidence.
[2026-08-21T14:25:18.154Z] OCR Read: —, Conf: 58
[2026-08-21T14:25:18.155Z] Dropped due to low confidence.
[2026-08-21T14:25:21.109Z] OCR Read: — 2, Conf: 52
[2026-08-21T14:25:21.109Z] Dropped due to low confidence.
[2026-08-21T14:25:22.588Z] No plate localized by python service.
[2026-08-21T14:25:25.081Z] OCR Read: -=,, Conf: 45
[2026-08-21T14:25:25.082Z] Dropped due to low confidence.
[2026-08-21T14:25:27.057Z] OCR Read: —, Conf: 67
[2026-08-21T14:25:27.578Z] Rejected: Not registered and failed strict regex ()
[2026-08-21T14:25:28.571Z] No plate localized by python service.
[2026-08-21T14:25:30.956Z] OCR Read: , Conf: 0
[2026-08-21T14:25:30.957Z] Dropped due to low confidence.
[2026-08-21T14:25:32.572Z] No plate localized by python service.
[2026-08-21T14:25:35.592Z] No plate localized by python service.
[2026-08-21T14:25:37.561Z] No plate localized by python service.
[2026-08-21T14:25:40.069Z] OCR Read: __, Conf: 21
[2026-08-21T14:25:40.070Z] Dropped due to low confidence.
[2026-08-21T14:25:41.570Z] No plate localized by python service.
[2026-08-21T14:25:43.497Z] No plate localized by python service.
[2026-08-21T14:25:45.730Z] OCR Read: — =, Conf: 72
[2026-08-21T14:25:46.186Z] Rejected: Not registered and failed strict regex ()
[2026-08-21T14:25:47.502Z] No plate localized by python service.
[2026-08-21T14:25:49.524Z] No plate localized by python service.
[2026-08-21T14:25:51.816Z] OCR Read: — —, Conf: 13
[2026-08-21T14:25:51.817Z] Dropped due to low confidence.
[2026-08-21T14:25:53.783Z] OCR Read: —, Conf: 0
[2026-08-21T14:25:53.784Z] Dropped due to low confidence.
[2026-08-21T14:25:55.785Z] OCR Read: — —, Conf: 6
[2026-08-21T14:25:55.786Z] Dropped due to low confidence.
[2026-08-21T14:25:57.494Z] No plate localized by python service.
[2026-08-21T14:26:01.491Z] No plate localized by python service.
[2026-08-21T14:26:03.498Z] No plate localized by python service.
[2026-08-21T14:26:05.494Z] No plate localized by python service.
[2026-08-21T14:26:07.509Z] No plate localized by python service.
[2026-08-21T14:26:09.509Z] No plate localized by python service.
[2026-08-21T14:26:11.514Z] No plate localized by python service.
[2026-08-21T14:26:13.547Z] No plate localized by python service.
[2026-08-21T14:26:15.753Z] OCR Read: 2a, Conf: 65
[2026-08-21T14:26:17.502Z] No plate localized by python service.
[2026-08-21T14:26:19.483Z] No plate localized by python service.
[2026-08-21T14:26:21.491Z] No plate localized by python service.
[2026-08-21T14:26:23.496Z] No plate localized by python service.
[2026-08-21T14:26:25.546Z] No plate localized by python service.
[2026-08-21T14:26:27.754Z] OCR Read: J, Conf: 27
[2026-08-21T14:26:27.755Z] Dropped due to low confidence.
[2026-08-21T14:26:29.494Z] No plate localized by python service.
[2026-08-21T14:26:31.527Z] No plate localized by python service.
[2026-08-21T14:26:33.488Z] No plate localized by python service.
[2026-08-21T14:26:35.766Z] OCR Read: pv -, Conf: 33
[2026-08-21T14:26:35.767Z] Dropped due to low confidence.
[2026-08-21T14:26:37.497Z] No plate localized by python service.
[2026-08-21T14:26:39.519Z] No plate localized by python service.
[2026-08-21T14:26:41.491Z] No plate localized by python service.
[2026-08-21T14:26:43.493Z] No plate localized by python service.
[2026-08-21T14:26:45.495Z] No plate localized by python service.
[2026-08-21T14:26:47.510Z] No plate localized by python service.
[2026-08-21T14:26:49.496Z] No plate localized by python service.
[2026-08-21T14:26:49.900Z] Rejected: Not registered and failed strict regex (2A)
[2026-08-21T14:26:51.520Z] No plate localized by python service.
[2026-08-21T14:26:53.491Z] No plate localized by python service.
[2026-08-21T14:26:55.491Z] No plate localized by python service.
[2026-08-21T14:26:57.495Z] No plate localized by python service.
[2026-08-21T14:26:59.493Z] No plate localized by python service.
[2026-08-21T14:27:01.506Z] No plate localized by python service.
[2026-08-21T14:27:03.513Z] No plate localized by python service.
[2026-08-21T14:27:05.487Z] No plate localized by python service.
[2026-08-21T14:27:07.493Z] No plate localized by python service.
[2026-08-21T14:27:09.493Z] No plate localized by python service.
[2026-08-21T14:27:11.717Z] OCR Read: -_—, Conf: 20
[2026-08-21T14:27:11.718Z] Dropped due to low confidence.
[2026-08-21T14:27:13.731Z] OCR Read: _—, Conf: 44
[2026-08-21T14:27:13.732Z] Dropped due to low confidence.
[2026-08-21T14:27:15.492Z] No plate localized by python service.
[2026-08-21T14:27:17.497Z] No plate localized by python service.
[2026-08-21T14:27:19.722Z] OCR Read: S—, Conf: 0
[2026-08-21T14:27:19.723Z] Dropped due to low confidence.
[2026-08-21T14:27:21.494Z] No plate localized by python service.
